// Jest Snapshot v1, https://goo.gl/fbAQLP

exports[`<NewTask /> renders the component without changes 1`] = `<NewTask />`;
