// Jest Snapshot v1, https://goo.gl/fbAQLP

exports[`<App /> renders the component 1`] = `
<Fragment>
  <div>
    <h1>
      React + TypeScript
    </h1>
    <NewTask
      addTask={[Function]}
      changeTask={[Function]}
      taskName=""
    />
    <TasksList
      removeTask={[Function]}
      tasks={Array []}
      toggleReadiness={[Function]}
    />
  </div>
</Fragment>
`;
